[    0.000000] Initializing cgroup subsys cpuset
[    0.000000] Initializing cgroup subsys cpu
[    0.000000] Initializing cgroup subsys cpuacct
[    0.000000] Linux version 4.4.0-77-generic (buildd@lgw01-53) (gcc version 5.4.0 20160609 (Ubuntu 5.4.0-6ubuntu1~16.04.4) ) #98-Ubuntu SMP Wed Apr 26 08:33:44 UTC 2017 (Ubuntu 4.4.0-77.98-generic 4.4.59)
[    0.000000] KERNEL supported cpus:
[    0.000000]   Intel GenuineIntel
[    0.000000]   AMD AuthenticAMD
[    0.000000]   NSC Geode by NSC
[    0.000000]   Cyrix CyrixInstead
[    0.000000]   Centaur CentaurHauls
[    0.000000]   Transmeta GenuineTMx86
[    0.000000]   Transmeta TransmetaCPU
[    0.000000]   UMC UMC UMC UMC
[    0.000000] x86/fpu: xstate_offset[2]:  576, xstate_sizes[2]:  256
[    0.000000] x86/fpu: Supporting XSAVE feature 0x01: 'x87 floating point registers'
[    0.000000] x86/fpu: Supporting XSAVE feature 0x02: 'SSE registers'
[    0.000000] x86/fpu: Supporting XSAVE feature 0x04: 'AVX registers'
[    0.000000] x86/fpu: Enabled xstate features 0x7, context size is 832 bytes, using 'standard' format.
[    0.000000] x86/fpu: Using 'lazy' FPU context switches.
[    0.000000] e820: BIOS-provided physical RAM map:
[    0.000000] BIOS-e820: [mem 0x0000000000000000-0x000000000009fbff] usable
[    0.000000] BIOS-e820: [mem 0x000000000009fc00-0x000000000009ffff] reserved
[    0.000000] BIOS-e820: [mem 0x00000000000f0000-0x00000000000fffff] reserved
[    0.000000] BIOS-e820: [mem 0x0000000000100000-0x000000003ffeffff] usable
[    0.000000] BIOS-e820: [mem 0x000000003fff0000-0x000000003fffffff] ACPI data
[    0.000000] BIOS-e820: [mem 0x00000000fec00000-0x00000000fec00fff] reserved
[    0.000000] BIOS-e820: [mem 0x00000000fee00000-0x00000000fee00fff] reserved
[    0.000000] BIOS-e820: [mem 0x00000000fffc0000-0x00000000ffffffff] reserved
[    0.000000] NX (Execute Disable) protection: active
[    0.000000] SMBIOS 2.5 present.
[    0.000000] Hypervisor detected: KVM
[    0.000000] e820: last_pfn = 0x3fff0 max_arch_pfn = 0x1000000
[    0.000000] MTRR: Disabled
[    0.000000] x86/PAT: MTRRs disabled, skipping PAT initialization too.
[    0.000000] x86/PAT: Configuration [0-7]: WB  WT  UC- UC  WB  WT  UC- UC  
[    0.000000] CPU MTRRs all blank - virtualized system.
[    0.000000] found SMP MP-table at [mem 0x0009fff0-0x0009ffff] mapped at [c009fff0]
[    0.000000] Scanning 1 areas for low memory corruption
[    0.000000] RAMDISK: [mem 0x36ae4000-0x37569fff]
[    0.000000] ACPI: Early table checksum verification disabled
[    0.000000] ACPI: RSDP 0x00000000000E0000 000024 (v02 VBOX  )
[    0.000000] ACPI: XSDT 0x000000003FFF0030 00003C (v01 VBOX   VBOXXSDT 00000001 ASL  00000061)
[    0.000000] ACPI: FACP 0x000000003FFF00F0 0000F4 (v04 VBOX   VBOXFACP 00000001 ASL  00000061)
[    0.000000] ACPI: DSDT 0x000000003FFF0470 0021C8 (v02 VBOX   VBOXBIOS 00000002 INTL 20100528)
[    0.000000] ACPI: FACS 0x000000003FFF0200 000040
[    0.000000] ACPI: FACS 0x000000003FFF0200 000040
[    0.000000] ACPI: APIC 0x000000003FFF0240 00005C (v02 VBOX   VBOXAPIC 00000001 ASL  00000061)
[    0.000000] ACPI: SSDT 0x000000003FFF02A0 0001CC (v01 VBOX   VBOXCPUT 00000002 INTL 20100528)
[    0.000000] 131MB HIGHMEM available.
[    0.000000] 891MB LOWMEM available.
[    0.000000]   mapped low ram: 0 - 37bfe000
[    0.000000]   low ram: 0 - 37bfe000
[    0.000000] kvm-clock: Using msrs 4b564d01 and 4b564d00
[    0.000000] kvm-clock: cpu 0, msr 0:37bfd001, primary cpu clock
[    0.000000] kvm-clock: using sched offset of 3378860866 cycles
[    0.000000] clocksource: kvm-clock: mask: 0xffffffffffffffff max_cycles: 0x1cd42e4dffb, max_idle_ns: 881590591483 ns
[    0.000000] Zone ranges:
[    0.000000]   DMA      [mem 0x0000000000001000-0x0000000000ffffff]
[    0.000000]   Normal   [mem 0x0000000001000000-0x0000000037bfdfff]
[    0.000000]   HighMem  [mem 0x0000000037bfe000-0x000000003ffeffff]
[    0.000000] Movable zone start for each node
[    0.000000] Early memory node ranges
[    0.000000]   node   0: [mem 0x0000000000001000-0x000000000009efff]
[    0.000000]   node   0: [mem 0x0000000000100000-0x000000003ffeffff]
[    0.000000] Initmem setup node 0 [mem 0x0000000000001000-0x000000003ffeffff]
[    0.000000] Using APIC driver default
[    0.000000] ACPI: PM-Timer IO Port: 0x4008
[    0.000000] IOAPIC[0]: apic_id 2, version 32, address 0xfec00000, GSI 0-23
[    0.000000] ACPI: INT_SRC_OVR (bus 0 bus_irq 0 global_irq 2 dfl dfl)
[    0.000000] ACPI: INT_SRC_OVR (bus 0 bus_irq 9 global_irq 9 high level)
[    0.000000] Using ACPI (MADT) for SMP configuration information
[    0.000000] smpboot: Allowing 2 CPUs, 0 hotplug CPUs
[    0.000000] PM: Registered nosave memory: [mem 0x00000000-0x00000fff]
[    0.000000] PM: Registered nosave memory: [mem 0x0009f000-0x0009ffff]
[    0.000000] PM: Registered nosave memory: [mem 0x000a0000-0x000effff]
[    0.000000] PM: Registered nosave memory: [mem 0x000f0000-0x000fffff]
[    0.000000] e820: [mem 0x40000000-0xfebfffff] available for PCI devices
[    0.000000] Booting paravirtualized kernel on KVM
[    0.000000] clocksource: refined-jiffies: mask: 0xffffffff max_cycles: 0xffffffff, max_idle_ns: 7645519600211568 ns
[    0.000000] setup_percpu: NR_CPUS:8 nr_cpumask_bits:8 nr_cpu_ids:2 nr_node_ids:1
[    0.000000] PERCPU: Embedded 19 pages/cpu @f76b0000 s47436 r0 d30388 u77824
[    0.000000] PV qspinlock hash table entries: 512 (order: 0, 4096 bytes)
[    0.000000] Built 1 zonelists in Zone order, mobility grouping on.  Total pages: 259800
[    0.000000] Kernel command line: BOOT_IMAGE=/boot/vmlinuz-4.4.0-77-generic root=LABEL=cloudimg-rootfs ro console=tty1 console=ttyS0
[    0.000000] PID hash table entries: 4096 (order: 2, 16384 bytes)
[    0.000000] Dentry cache hash table entries: 131072 (order: 7, 524288 bytes)
[    0.000000] Inode-cache hash table entries: 65536 (order: 6, 262144 bytes)
[    0.000000] Initializing CPU#0
[    0.000000] Initializing HighMem for node 0 (00037bfe:0003fff0)
[    0.000000] Initializing Movable for node 0 (00000000:00000000)
[    0.000000] Memory: 1012192K/1048120K available (7928K kernel code, 770K rwdata, 3164K rodata, 940K init, 800K bss, 35928K reserved, 0K cma-reserved, 135112K highmem)
[    0.000000] virtual kernel memory layout:
[    0.000000]     fixmap  : 0xfff15000 - 0xfffff000   ( 936 kB)
[    0.000000]     pkmap   : 0xffc00000 - 0xffe00000   (2048 kB)
[    0.000000]     vmalloc : 0xf83fe000 - 0xffbfe000   ( 120 MB)
[    0.000000]     lowmem  : 0xc0000000 - 0xf7bfe000   ( 891 MB)
[    0.000000]       .init : 0xc1b99000 - 0xc1c84000   ( 940 kB)
[    0.000000]       .data : 0xc17be50b - 0xc1b97b40   (3941 kB)
[    0.000000]       .text : 0xc1000000 - 0xc17be50b   (7929 kB)
[    0.000000] Checking if this processor honours the WP bit even in supervisor mode...Ok.
[    0.000000] SLUB: HWalign=64, Order=0-3, MinObjects=0, CPUs=2, Nodes=1
[    0.000000] Hierarchical RCU implementation.
[    0.000000] 	Build-time adjustment of leaf fanout to 32.
[    0.000000] 	RCU restricting CPUs from NR_CPUS=8 to nr_cpu_ids=2.
[    0.000000] RCU: Adjusting geometry for rcu_fanout_leaf=32, nr_cpu_ids=2
[    0.000000] NR_IRQS:2304 nr_irqs:440 16
[    0.000000] Console: colour VGA+ 80x25
[    0.000000] console [tty1] enabled
[    0.000000] console [ttyS0] enabled
[    0.000000] allocated 1048576 bytes of page_ext
[    0.000000] tsc: Detected 4000.112 MHz processor
[    0.000000] tsc: Marking TSC unstable due to TSCs unsynchronized
[    0.012000] Calibrating delay loop (skipped) preset value.. 8000.22 BogoMIPS (lpj=16000448)
[    0.016013] pid_max: default: 32768 minimum: 301
[    0.020020] ACPI: Core revision 20150930
[    0.024959] ACPI: 2 ACPI AML tables successfully acquired and loaded
[    0.032344] Security Framework initialized
[    0.033253] Yama: becoming mindful.
[    0.036027] AppArmor: AppArmor initialized
[    0.040051] Mount-cache hash table entries: 2048 (order: 1, 8192 bytes)
[    0.044013] Mountpoint-cache hash table entries: 2048 (order: 1, 8192 bytes)
[    0.048159] Initializing cgroup subsys io
[    0.052006] Initializing cgroup subsys memory
[    0.056021] Initializing cgroup subsys devices
[    0.060015] Initializing cgroup subsys freezer
[    0.064016] Initializing cgroup subsys net_cls
[    0.068011] Initializing cgroup subsys perf_event
[    0.072015] Initializing cgroup subsys net_prio
[    0.076017] Initializing cgroup subsys hugetlb
[    0.080014] Initializing cgroup subsys pids
[    0.084144] CPU: Physical Processor ID: 0
[    0.088003] CPU: Processor Core ID: 0
[    0.092015] mce: CPU supports 0 MCE banks
[    0.096031] Last level iTLB entries: 4KB 512, 2MB 1024, 4MB 512
[    0.100013] Last level dTLB entries: 4KB 1024, 2MB 1024, 4MB 512, 1GB 0
[    0.108432] Freeing SMP alternatives memory: 28K (c1c84000 - c1c8b000)
[    0.125343] ftrace: allocating 31398 entries in 62 pages
[    0.140116] smpboot: APIC(0) Converting physical 0 to logical package 0
[    0.144011] smpboot: Max logical packages: 1
[    0.148021] Enabling APIC mode:  Flat.  Using 1 I/O APICs
[    0.153356] ..TIMER: vector=0x30 apic1=0 pin1=2 apic2=-1 pin2=-1
[    0.160000] smpboot: CPU0: AMD FX(tm)-8350 Eight-Core Processor (family: 0x15, model: 0x2, stepping: 0x0)
[    0.172011] Performance Events: Broken PMU hardware detected, using software events only.
[    0.180008] Failed to access perfctr msr (MSR c0010007 is 0)
[    0.184050] KVM setup paravirtual spinlock
[    0.188825] x86: Booting SMP configuration:
[    0.192003] .... node  #0, CPUs:      #1
[    0.008000] Initializing CPU#1
[    0.012000] kvm-clock: cpu 1, msr 0:37bfd041, secondary cpu clock
[    0.012000] mce: CPU supports 0 MCE banks
[    0.325458] x86: Booted up 1 node, 2 CPUs
[    0.326602] smpboot: Total of 2 processors activated (16000.44 BogoMIPS)
[    0.328275] devtmpfs: initialized
[    0.348248] evm: security.selinux
[    0.372006] evm: security.SMACK64
[    0.392007] evm: security.SMACK64EXEC
[    0.408005] evm: security.SMACK64TRANSMUTE
[    0.452019] evm: security.SMACK64MMAP
[    0.484006] evm: security.ima
[    0.500006] evm: security.capability
[    0.512264] clocksource: jiffies: mask: 0xffffffff max_cycles: 0xffffffff, max_idle_ns: 7645041785100000 ns
[    0.580022] futex hash table entries: 512 (order: 3, 32768 bytes)
[    0.644088] pinctrl core: initialized pinctrl subsystem
[    0.700159] RTC time: 18:35:07, date: 05/08/17
[    0.768212] NET: Registered protocol family 16
[    0.828159] EISA bus registered
[    0.864006] cpuidle: using governor ladder
[    0.880014] cpuidle: using governor menu
[    0.884027] PCCT header not found.
[    0.888343] ACPI: bus type PCI registered
[    0.892009] acpiphp: ACPI Hot Plug PCI Controller Driver version: 0.5
[    0.900023] PCI : PCI BIOS area is rw and x. Use pci=nobios if you want it NX.
[    0.904009] PCI: PCI BIOS revision 2.10 entry at 0xfda26, last bus=0
[    0.908006] PCI: Using configuration type 1 for base access
[    0.912002] PCI: Using configuration type 1 for extended access
[    0.928137] ACPI: Added _OSI(Module Device)
[    0.984025] ACPI: Added _OSI(Processor Device)
[    1.064005] ACPI: Added _OSI(3.0 _SCP Extensions)
[    1.136011] ACPI: Added _OSI(Processor Aggregator Device)
[    1.184813] ACPI: Executed 1 blocks of module-level executable AML code
[    1.253932] ACPI: Interpreter enabled
[    1.296019] ACPI: (supports S0 S5)
[    1.336004] ACPI: Using IOAPIC for interrupt routing
[    1.372167] PCI: Using host bridge windows from ACPI; if necessary, use "pci=nocrs" and report a bug
[    1.521107] ACPI: PCI Root Bridge [PCI0] (domain 0000 [bus 00-ff])
[    1.604006] acpi PNP0A03:00: _OSC: OS supports [ExtendedConfig ASPM ClockPM Segments MSI]
[    1.696008] acpi PNP0A03:00: _OSC failed (AE_NOT_FOUND); disabling ASPM
[    1.788331] PCI host bridge to bus 0000:00
[    1.812010] pci_bus 0000:00: root bus resource [io  0x0000-0x0cf7 window]
[    1.884011] pci_bus 0000:00: root bus resource [io  0x0d00-0xffff window]
[    1.936011] pci_bus 0000:00: root bus resource [mem 0x000a0000-0x000bffff window]
[    1.992012] pci_bus 0000:00: root bus resource [mem 0x40000000-0xffdfffff window]
[    2.032015] pci_bus 0000:00: root bus resource [bus 00-ff]
[    2.097830] pci 0000:00:01.1: legacy IDE quirk: reg 0x10: [io  0x01f0-0x01f7]
[    2.184011] pci 0000:00:01.1: legacy IDE quirk: reg 0x14: [io  0x03f6]
[    2.264010] pci 0000:00:01.1: legacy IDE quirk: reg 0x18: [io  0x0170-0x0177]
[    2.304010] pci 0000:00:01.1: legacy IDE quirk: reg 0x1c: [io  0x0376]
[    2.387066] pci 0000:00:07.0: quirk: [io  0x4000-0x403f] claimed by PIIX4 ACPI
[    2.452024] pci 0000:00:07.0: quirk: [io  0x4100-0x410f] claimed by PIIX4 SMB
[    2.502189] ACPI: PCI Interrupt Link [LNKA] (IRQs 5 9 10 *11)
[    2.547606] ACPI: PCI Interrupt Link [LNKB] (IRQs 5 9 10 *11)
[    2.604388] ACPI: PCI Interrupt Link [LNKC] (IRQs 5 9 *10 11)
[    2.685702] ACPI: PCI Interrupt Link [LNKD] (IRQs 5 *9 10 11)
[    2.722253] ACPI: Enabled 2 GPEs in block 00 to 07
[    2.724102] vgaarb: setting as boot device: PCI:0000:00:02.0
[    2.727763] vgaarb: device added: PCI:0000:00:02.0,decodes=io+mem,owns=io+mem,locks=none
[    2.860009] vgaarb: loaded
[    2.884002] vgaarb: bridge control possible 0000:00:02.0
[    2.960270] SCSI subsystem initialized
[    2.996084] ACPI: bus type USB registered
[    3.020036] usbcore: registered new interface driver usbfs
[    3.060035] usbcore: registered new interface driver hub
[    3.076055] usbcore: registered new device driver usb
[    3.152110] PCI: Using ACPI for IRQ routing
[    3.220293] NetLabel: Initializing
[    3.268002] NetLabel:  domain hash size = 128
[    3.304009] NetLabel:  protocols = UNLABELED CIPSOv4
[    3.380017] NetLabel:  unlabeled traffic allowed by default
[    3.448083] amd_nb: Cannot enumerate AMD northbridges
[    3.504057] clocksource: Switched to clocksource kvm-clock
[    3.539451] AppArmor: AppArmor Filesystem Enabled
[    3.563467] pnp: PnP ACPI init
[    3.587217] pnp: PnP ACPI: found 3 devices
[    3.592916] PnPBIOS: Disabled by ACPI PNP
[    3.659239] clocksource: acpi_pm: mask: 0xffffff max_cycles: 0xffffff, max_idle_ns: 2085701024 ns
[    3.773437] NET: Registered protocol family 2
[    3.794892] TCP established hash table entries: 8192 (order: 3, 32768 bytes)
[    3.841352] TCP bind hash table entries: 8192 (order: 4, 65536 bytes)
[    3.869078] TCP: Hash tables configured (established 8192 bind 8192)
[    3.931775] UDP hash table entries: 512 (order: 2, 16384 bytes)
[    4.016742] UDP-Lite hash table entries: 512 (order: 2, 16384 bytes)
[    4.095977] NET: Registered protocol family 1
[    4.138330] pci 0000:00:00.0: Limiting direct PCI/PCI transfers
[    4.178622] pci 0000:00:01.0: Activating ISA DMA hang workarounds
[    4.206017] Unpacking initramfs...
[    5.889689] Freeing initrd memory: 10776K (f6ae4000 - f756a000)
[    5.938239] clocksource: tsc: mask: 0xffffffffffffffff max_cycles: 0x39a8c61f8d3, max_idle_ns: 440795323404 ns
[    6.047208] platform rtc_cmos: registered platform RTC device (no PNP device found)
[    6.145661] Scanning for low memory corruption every 60 seconds
[    6.204020] audit: initializing netlink subsys (disabled)
[    6.262946] audit: type=2000 audit(1494268504.842:1): initialized
[    6.306064] Initialise system trusted keyring
[    6.354033] HugeTLB registered 2 MB page size, pre-allocated 0 pages
[    6.380052] zbud: loaded
[    6.389517] VFS: Disk quotas dquot_6.6.0
[    6.461636] VFS: Dquot-cache hash table entries: 1024 (order 0, 4096 bytes)
[    6.542336] squashfs: version 4.0 (2009/01/31) Phillip Lougher
[    6.599319] fuse init (API version 7.23)
[    6.692378] Key type big_key registered
[    6.775478] Allocating IMA MOK and blacklist keyrings.
[    6.850954] Key type asymmetric registered
[    6.930307] Asymmetric key parser 'x509' registered
[    7.005098] bounce: pool size: 64 pages
[    7.054792] Block layer SCSI generic (bsg) driver version 0.4 loaded (major 249)
[    7.155324] io scheduler noop registered
[    7.168873] io scheduler deadline registered (default)
[    7.248575] io scheduler cfq registered
[    7.303182] pci_hotplug: PCI Hot Plug PCI Core version: 0.5
[    7.358761] pciehp: PCI Express Hot Plug Controller Driver version: 0.4
[    7.445646] ACPI: AC Adapter [AC] (on-line)
[    7.489514] input: Power Button as /devices/LNXSYSTM:00/LNXPWRBN:00/input/input0
[    7.532874] ACPI: Power Button [PWRF]
[    7.552112] input: Sleep Button as /devices/LNXSYSTM:00/LNXSLPBN:00/input/input1
[    7.634916] ACPI: Sleep Button [SLPF]
[    7.654105] GHES: HEST is not enabled!
[    7.685390] isapnp: Scanning for PnP cards...
[    7.704777] Serial: 8250/16550 driver, 32 ports, IRQ sharing enabled
ÿ[    7.769352] 00:02: ttyS0 at I/O 0x3f8 (irq = 4, base_baud = 115200) is a 16550A
[    7.795033] Linux agpgart interface v0.103
[    7.811599] loop: module loaded
[    7.845672] scsi host0: ata_piix
[    7.881701] scsi host1: ata_piix
[    7.883752] ata1: PATA max UDMA/33 cmd 0x1f0 ctl 0x3f6 bmdma 0xd000 irq 14
[    7.959285] ata2: PATA max UDMA/33 cmd 0x170 ctl 0x376 bmdma 0xd008 irq 15
[    8.026022] libphy: Fixed MDIO Bus: probed
[    8.057786] isapnp: No Plug & Play device found
[    8.198363] tun: Universal TUN/TAP device driver, 1.6
[    8.300299] tun: (C) 1999-2004 Max Krasnyansky <maxk@qualcomm.com>
[    8.443923] PPP generic driver version 2.4.2
[    8.499868] ehci_hcd: USB 2.0 'Enhanced' Host Controller (EHCI) Driver
[    8.578856] ehci-pci: EHCI PCI platform driver
[    8.651313] ehci-platform: EHCI generic platform driver
[    8.718582] ohci_hcd: USB 1.1 'Open' Host Controller (OHCI) Driver
[    8.761540] ohci-pci: OHCI PCI platform driver
[    8.805486] ohci-platform: OHCI generic platform driver
[    8.851384] uhci_hcd: USB Universal Host Controller Interface driver
[    8.913199] i8042: PNP: PS/2 Controller [PNP0303:PS2K,PNP0f03:PS2M] at 0x60,0x64 irq 1,12
[    9.065316] serio: i8042 KBD port at 0x60,0x64 irq 1
[    9.157445] serio: i8042 AUX port at 0x60,0x64 irq 12
[    9.248776] mousedev: PS/2 mouse device common for all mice
[    9.286209] input: AT Translated Set 2 keyboard as /devices/platform/i8042/serio0/input/input2
[    9.293016] rtc_cmos rtc_cmos: rtc core: registered rtc_cmos as rtc0
[    9.293105] rtc_cmos rtc_cmos: alarms up to one day, 114 bytes nvram
[    9.293118] i2c /dev entries driver
[    9.293192] device-mapper: uevent: version 1.0.3
[    9.293296] device-mapper: ioctl: 4.34.0-ioctl (2015-10-28) initialised: dm-devel@redhat.com
[    9.293330] platform eisa.0: Probing EISA bus 0
[    9.293333] platform eisa.0: EISA: Cannot allocate resource for mainboard
[    9.293334] platform eisa.0: Cannot allocate resource for EISA slot 1
[    9.293336] platform eisa.0: Cannot allocate resource for EISA slot 2
[    9.293338] platform eisa.0: Cannot allocate resource for EISA slot 3
[    9.293339] platform eisa.0: Cannot allocate resource for EISA slot 4
[    9.293341] platform eisa.0: Cannot allocate resource for EISA slot 5
[    9.293342] platform eisa.0: Cannot allocate resource for EISA slot 6
[    9.293344] platform eisa.0: Cannot allocate resource for EISA slot 7
[    9.293345] platform eisa.0: Cannot allocate resource for EISA slot 8
[    9.293347] platform eisa.0: EISA: Detected 0 cards
[    9.293364] cpufreq-nforce2: No nForce2 chipset.
[    9.293373] ledtrig-cpu: registered to indicate activity on CPUs
[    9.293700] NET: Registered protocol family 10
[    9.293934] NET: Registered protocol family 17
[    9.293945] Key type dns_resolver registered
[    9.293809] microcode: CPU0: patch_level=0x06000626
[    9.401838] microcode: CPU1: patch_level=0x06000626
[    9.401899] microcode: Microcode Update Driver: v2.01 <tigran@aivazian.fsnet.co.uk>, Peter Oruba
[    9.401910] Using IPI No-Shortcut mode
[    9.402026] registered taskstats version 1
[    9.402037] Loading compiled-in X.509 certificates
[    9.404401] Loaded X.509 cert 'Build time autogenerated kernel key: 42ed22459aa700f8082e342aa29c56ea5a58936f'
[    9.404424] zswap: loaded using pool lzo/zbud
[    9.406008] Key type trusted registered
[    9.408292] Key type encrypted registered
[    9.408295] AppArmor: AppArmor sha1 policy hashing enabled
[    9.408298] ima: No TPM chip found, activating TPM-bypass!
[    9.408314] evm: HMAC attrs: 0x1
[    9.408572]   Magic number: 1:533:594
[    9.432759] rtc_cmos rtc_cmos: setting system clock to 2017-05-08 18:35:16 UTC (1494268516)
[    9.432912] BIOS EDD facility v0.16 2004-Jun-25, 0 devices found
[    9.432913] EDD information not available.
[   10.723866] Freeing unused kernel memory: 940K (c1b99000 - c1c84000)
[   10.753233] Write protecting the kernel text: 7932k
[   10.795091] Write protecting the kernel read-only data: 3168k
[   10.800902] NX-protecting the kernel data: 6404k
Loading, please wait...
starting version[   10.842123] random: systemd-udevd: uninitialized urandom read (16 bytes read, 1 bits of entropy available)
 229
[   10.842702] random: udevadm: uninitialized urandom read (16 bytes read, 1 bits of entropy available)
[   10.842764] random: udevadm: uninitialized urandom read (16 bytes read, 1 bits of entropy available)
[   10.843000] random: udevadm: uninitialized urandom read (16 bytes read, 1 bits of entropy available)
[   10.843085] random: udevadm: uninitialized urandom read (16 bytes read, 1 bits of entropy available)
[   10.843165] random: udevadm: uninitialized urandom read (16 bytes read, 1 bits of entropy available)
[   10.843255] random: udevadm: uninitialized urandom read (16 bytes read, 1 bits of entropy available)
[   10.843342] random: udevadm: uninitialized urandom read (16 bytes read, 1 bits of entropy available)
[   10.843424] random: udevadm: uninitialized urandom read (16 bytes read, 1 bits of entropy available)
[   10.843521] random: udevadm: uninitialized urandom read (16 bytes read, 1 bits of entropy available)
[   11.495001] e1000: Intel(R) PRO/1000 Network Driver - version 7.3.21-k8-NAPI
[   11.495016] Fusion MPT base driver 3.04.20
[   11.495028] Copyright (c) 1999-2008 LSI Corporation
[   11.515319] e1000: Copyright (c) 1999-2006 Intel Corporation.
[   11.558302] Fusion MPT SPI Host driver 3.04.20
[   11.753400] input: ImExPS/2 Generic Explorer Mouse as /devices/platform/i8042/serio1/input/input4
[   11.945289] e1000 0000:00:03.0 eth0: (PCI:33MHz:32-bit) 02:3e:d3:d5:ac:89
[   11.994970] e1000 0000:00:03.0 eth0: Intel(R) PRO/1000 Network Connection
[   12.057741] mptbase: ioc0: Initiating bringup
[   12.058783] e1000 0000:00:03.0 enp0s3: renamed from eth0
[   12.188944] ioc0: LSI53C1030 A0: Capabilities={Initiator}
[   12.395438] scsi host2: ioc0: LSI53C1030 A0, FwRev=00000000h, Ports=1, MaxQ=256, IRQ=20
[   12.564573] scsi 2:0:0:0: Direct-Access     VBOX     HARDDISK         1.0  PQ: 0 ANSI: 5
[   12.617986] scsi target2:0:0: Beginning Domain Validation
[   12.643696] scsi target2:0:0: Domain Validation skipping write tests
[   12.726746] scsi target2:0:0: Ending Domain Validation
[   12.739803] scsi target2:0:0: asynchronous
[   12.767744] scsi 2:0:1:0: Direct-Access     VBOX     HARDDISK         1.0  PQ: 0 ANSI: 5
[   12.812308] scsi target2:0:1: Beginning Domain Validation
[   12.884560] scsi target2:0:1: Domain Validation skipping write tests
[   12.951343] scsi target2:0:1: Ending Domain Validation
[   13.011322] scsi target2:0:1: asynchronous
[   13.061862] sd 2:0:0:0: Attached scsi generic sg0 type 0
[   13.098233] sd 2:0:0:0: [sda] 20971520 512-byte logical blocks: (10.7 GB/10.0 GiB)
[   13.098435] sd 2:0:1:0: Attached scsi generic sg1 type 0
[   13.098618] sd 2:0:1:0: [sdb] 20480 512-byte logical blocks: (10.5 MB/10.0 MiB)
[   13.098759] sd 2:0:1:0: [sdb] Write Protect is off
[   13.098844] sd 2:0:1:0: [sdb] Incomplete mode parameter data
[   13.098845] sd 2:0:1:0: [sdb] Assuming drive cache: write through
[   13.101459] sd 2:0:1:0: [sdb] Attached SCSI disk
[   13.389406] sd 2:0:0:0: [sda] Write Protect is off
[   13.420596] sd 2:0:0:0: [sda] Incomplete mode parameter data
[   13.459344] sd 2:0:0:0: [sda] Assuming drive cache: write through
[   13.492086]  sda: sda1
[   13.517657] sd 2:0:0:0: [sda] Attached SCSI disk
[   14.544454] floppy0: no floppy controllers found
Begin: Loading e[   15.986278] md: linear personality registered for level -1
ssential drivers[   16.080158] md: multipath personality registered for level -4
 ... [   16.138798] md: raid0 personality registered for level 0
[   16.176098] md: raid1 personality registered for level 1
[   16.332250] raid6: mmxx1    gen()  3337 MB/s
[   16.408851] raid6: mmxx2    gen()  6432 MB/s
[   16.560839] raid6: sse1x1   gen()  3627 MB/s
[   16.668360] raid6: sse1x2   gen()  5804 MB/s
[   16.772387] raid6: sse2x1   gen()  7004 MB/s
[   16.844018] raid6: sse2x1   xor()  4606 MB/s
[   16.936891] raid6: sse2x2   gen() 10745 MB/s
[   17.032923] raid6: sse2x2   xor()  7257 MB/s
[   17.054644] raid6: using algorithm sse2x2 gen() 10745 MB/s
[   17.090022] raid6: .... xor() 7257 MB/s, rmw enabled
[   17.133981] raid6: using ssse3x1 recovery algorithm
[   17.209303] xor: automatically using best checksumming function:
[   17.324179]    avx       :  4680.000 MB/sec
[   17.405988] async_tx: api initialized (async)
[   17.499241] md: raid6 personality registered for level 6
[   17.582892] md: raid5 personality registered for level 5
[   17.607200] md: raid4 personality registered for level 4
[   17.693696] md: raid10 personality registered for level 10
done.
Begin: Running /scripts/init-premount ... done.
Begin: Mounting root fil[   17.819161] Btrfs loaded
e system ... Begin: Running /scripts/local-top ... done.
Begin: Running /scripts/local-premount[   17.898308] EXT4-fs (sda1): mounted filesystem with ordered data mode. Opts: (null)
 ... Scanning for Btrfs filesystems
done.
Warning: fsck not present, so skipping root file system
done.
Begin: Running /scripts/local-bottom ... done.
Begin: Running /scripts/init-bottom ... done.
[   18.130920] systemd[1]: systemd 229 running in system mode. (+PAM +AUDIT +SELINUX +IMA +APPARMOR +SMACK +SYSVINIT +UTMP +LIBCRYPTSETUP +GCRYPT +GNUTLS +ACL +XZ -LZ4 +SECCOMP +BLKID +ELFUTILS +KMOD -IDN)
[   18.221317] systemd[1]: Detected virtualization oracle.
[   18.229975] systemd[1]: Detected architecture x86.

Welcome to [1mUbuntu 16.04.2 LTS[0m!

[   18.300817] systemd[1]: Set hostname to <ubuntu>.
[   18.386604] systemd[1]: Initializing machine ID from random generator.
[   18.445926] systemd[1]: Installed transient /etc/machine-id file.
[   18.635765] systemd[1]: Set up automount Arbitrary Executable File Formats File System Automount Point.
[[0;32m  OK  [0m] Set up automount Arbitrary Executab...ats File System Automount Point.
[   18.836367] systemd[1]: Started Trigger resolvconf update for networkd DNS.
[[0;32m  OK  [0m] Started Trigger resolvconf update for networkd DNS.
[   19.012378] systemd[1]: Listening on Syslog Socket.
[[0;32m  OK  [0m] Listening on Syslog Socket.
[   19.124564] systemd[1]: Listening on LVM2 metadata daemon socket.
[[0;32m  OK  [0m] Listening on LVM2 metadata daemon socket.
[   19.236885] systemd[1]: Created slice User and Session Slice.
[[0;32m  OK  [0m] Created slice User and Session Slice.
[   19.320602] systemd[1]: Listening on Journal Audit Socket.
[[0;32m  OK  [0m] Listening on Journal Audit Socket.
[   19.436598] systemd[1]: Reached target User and Group Name Lookups.
[[0;32m  OK  [0m] Reached target User and Group Name Lookups.
[   19.544333] systemd[1]: Listening on Device-mapper event daemon FIFOs.
[[0;32m  OK  [0m] Listening on Device-mapper event daemon FIFOs.
[   19.680754] systemd[1]: Started Forward Password Requests to Wall Directory Watch.
[[0;32m  OK  [0m] Started Forward Password Requests to Wall Directory Watch.
[   19.928962] systemd[1]: Reached target Encrypted Volumes.
[[0;32m  OK  [0m] Reached target Encrypted Volumes.
[   20.008956] systemd[1]: Listening on LVM2 poll daemon socket.
[[0;32m  OK  [0m] Listening on LVM2 poll daemon socket.
[   20.168954] systemd[1]: Listening on udev Control Socket.
[[0;32m  OK  [0m] Listening on udev Control Socket.
[   20.301215] systemd[1]: Listening on Journal Socket (/dev/log).
[[0;32m  OK  [0m] Listening on Journal Socket (/dev/log).
[   20.348240] systemd[1]: Reached target Swap.
[[0;32m  OK  [0m] Reached target Swap.
[   20.437488] systemd[1]: Listening on /dev/initctl Compatibility Named Pipe.
[[0;32m  OK  [0m] Listening on /dev/initctl Compatibility Named Pipe.
[   20.512469] systemd[1]: Listening on udev Kernel Socket.
[[0;32m  OK  [0m] Listening on udev Kernel Socket.
[   20.648877] systemd[1]: Created slice System Slice.
[[0;32m  OK  [0m] Created slice System Slice.
[   20.688588] systemd[1]: Reached target Slices.
[[0;32m  OK  [0m] Reached target Slices.
[   20.744411] systemd[1]: Listening on Journal Socket.
[[0;32m  OK  [0m] Listening on Journal Socket.
[   20.860242] systemd[1]: Starting Remount Root and Kernel File Systems...
         [   20.940401] EXT4-fs (sda1): re-mounted. Opts: (null)
Starting Remount Root and Kernel File Systems...
[   21.056349] systemd[1]: Starting Nameserver information manager...
         Starting Nameserver information manager...
[   21.216706] systemd[1]: Mounting Huge Pages File System...
         Mounting Huge Pages File System...
[   21.312787] systemd[1]: Mounting POSIX Message Queue File System...
         Mounting POSIX Message Queue File System...
[   21.416797] systemd[1]: Starting Journal Service...
         Starting Journal Service...
[   21.449222] systemd[1]: Starting Set console keymap...
         Starting Set console keymap...
[   21.556268] systemd[1]: Starting Monitoring of LVM2 mirrors, snapshots etc. using dmeventd or progress polling...
[   21.557021] random: nonblocking pool is initialized
         Starting Monitoring of LVM2 mirrors... dmeventd or progress polling...
[   21.752289] systemd[1]: Starting Load Kernel Modules...
[   21.806769] Loading iSCSI transport class v2.0-870.
         Starting Load Kernel Modules...
[   21.850627] iscsi: registered transport (tcp)
[   21.917137] systemd[1]: Starting Create list of required static device nodes for the current kernel...
         Starting Create list of required st... [   22.044272] iscsi: registered transport (iser)
nodes for the current kernel...
[   22.104356] systemd[1]: Starting Uncomplicated firewall...
         Starting Uncomplicated firewall...
[   22.156777] systemd[1]: Created slice system-serial\x2dgetty.slice.
[[0;32m  OK  [0m] Created slice system-serial\x2dgetty.slice.
[   22.220735] systemd[1]: Mounting Debug File System...
         Mounting Debug File System...
[   22.289428] systemd[1]: Mounted Debug File System.
[[0;32m  OK  [0m] Mounted Debug File System.
[   22.360414] systemd[1]: Mounted Huge Pages File System.
[[0;32m  OK  [0m] Mounted Huge Pages File System.
[   22.436476] systemd[1]: Mounted POSIX Message Queue File System.
[[0;32m  OK  [0m] Mounted POSIX Message Queue File System.
[   22.552531] systemd[1]: Started Journal Service.
[[0;32m  OK  [0m] Started Journal Service.
[[0;32m  OK  [0m] Started Remount Root and Kernel File Systems.
[[0;32m  OK  [0m] Started Set console keymap.
[[0;32m  OK  [0m] Started Load Kernel Modules.
[[0;32m  OK  [0m] Started Create list of required sta...ce nodes for the current kernel.
[[0;32m  OK  [0m] Started Uncomplicated firewall.
[[0;32m  OK  [0m] Started Nameserver information manager.
[[0;32m  OK  [0m] Started LVM2 metadata daemon.
         Starting Create Static Device Nodes in /dev...
         Mounting FUSE Control File System...
         Starting Apply Kernel Variables...
         Starting Load/Save Random Seed...
         Starting Initial cloud-init job (pre-networking)...
         Starting udev Coldplug all Devices...
         Starting Flush Journal to Persistent Storage...
[[0;32m  OK  [0m] Mounted FUSE Control File System.
[[0;32m  OK  [0m] Started Create Static Device Nodes in /dev.
[[0;32m  OK  [0m] Started Apply Kernel Variables.
[[0;32m  OK  [0m] Started Monitoring of LVM2 mirrors,...ng dmeventd or progress polling.
[[0;32m  OK  [0m] Started Load/Save Random Seed.
[[0;32m  OK  [0m] Started udev Coldplug all Devices.
[[0;32m  OK  [0m] Started Flush Journal to Persistent Storage.
         Starting udev Kernel Device Manager...
[[0;32m  OK  [0m] Started udev Kernel Device Manager.
[[0;32m  OK  [0m] Reached target Local File Systems (Pre).
[[0;32m  OK  [0m] Reached target Local File Systems.
         Starting Set console font and keymap...
         Starting Create Volatile Files and Directories...
         Starting LSB: AppArmor initialization...
         Starting Commit a transient machine-id on disk...
         Starting Tell Plymouth To Write Out Runtime Data...
[[0;32m  OK  [0m] Started Dispatch Password Requests to Console Directory Watch.
[   24.500297] cloud-init[447]: Cloud-init v. 0.7.9 running 'init-local' at Mon, 08 May 2017 18:35:31 +0000. Up 23.96 seconds.
[[0;32m  OK  [0m] Started Create Volatile Files and Directories.
[[0;32m  OK  [0m] Started Set console font and keymap.
[[0;32m  OK  [0m] Started Commit a transient machine-id on disk.
[[0;32m  OK  [0m] Started Tell Plymouth To Write Out Runtime Data.
[[0;32m  OK  [0m] Started Initial cloud-init job (pre-networking).
[[0;32m  OK  [0m] Found device /dev/ttyS0.
[[0;32m  OK  [0m] Listening on Load/Save RF Kill Switch Status /dev/rfkill Watch.
[[0;32m  OK  [0m] Reached target Network (Pre).
[[0;32m  OK  [0m] Created slice system-getty.slice.
         Starting Update UTMP about System Boot/Shutdown...
[[0;32m  OK  [0m] Reached target System Time Synchronized.
[[0;32m  OK  [0m] Started Update UTMP about System Boot/Shutdown.
[[0;32m  OK  [0m] Started LSB: AppArmor initialization.
         Starting Raise network interfaces...
[[0;32m  OK  [0m] Started Raise network interfaces.
[[0;32m  OK  [0m] Reached target Network.
         Starting Initial cloud-init job (metadata service crawler)...
[   28.718609] cloud-init[921]: Cloud-init v. 0.7.9 running 'init' at Mon, 08 May 2017 18:35:34 +0000. Up 27.85 seconds.
[   28.796520] [cloud-init[0;32m  OK  [0m[921]: ] ci-info: +++++++++++++++++++++++++++++++++++++Net device info++++++++++++++++++++++++++++++++++++++Started Initial cloud-init job (metadata service crawler).

[   28.796952] cloud-init[921]: ci-info: +--------+------+----------------------------+---------------+-------+-------------------+
[   29.104567] cloud-init[921]: ci-info: | Device |  Up  |          Address           |      Mask     | Scope |     Hw-Address    |
[   29.104859] cloud-init[921]: ci-info: +--------+------+----------------------------+---------------+-------+-------------------+
[[0;32m  OK  [0m] Reached target System Initialization.
[[   29.105039] cloud-init[921]: ci-info: | enp0s3 | True |         10.0.2.15          | 255.255.255.0 |   .   | 02:3e:d3:d5:ac:89 |
[   29.376848] cloud-init[921]: ci-info: | enp0s3 | True | fe80::3e:d3ff:fed5:ac89/64 |       .       |  link | 02:3e:d3:d5:ac:89 |
[0;32m  OK  [0m] Listening on UUID daemon activation socket.
         Starting Socket activation for snappy daemon.
[   29.376927] cloud-init[921]: ci-info: |   lo   | True |         127.0.0.1          |   255.0.0.0   |   .   |         .         |
[   29.686265] cloud-init[921]: ci-info: |   lo   | True |          ::1/128           |       .       |  host |         .         |
[   29.686561] cloud-init[921]: ci-info: +--------+------+----------------------------+---------------+-------+-------------------+
[[0;32m  OK  [0m] Started Daily apt activities.
[   29.686737] cloud-init[921]: ci-info: +++++++++++++++++++++++++++Route IPv4 info++++++++++++++++++++++++++++
[   29.929629] cloud-init[921]: ci-info: +-------+-------------+----------+---------------+-----------+-------+
[   29.929904] cloud-init[921]: ci-info: | Route | Destination | Gateway  |    Genmask    | Interface | Flags |
[[0;32m  OK  [0m] Started ACPI Events Check.
[[   29.930084] cloud-init[921]: ci-info: +-------+-------------+----------+---------------+-----------+-------+
[   30.091518] cloud-init[921]: ci-info: |   0   |   0.0.0.0   | 10.0.2.2 |    0.0.0.0    |   enp0s3  |   UG  |
[0;32m  OK  [0m] Reached target Paths.
[   30.091667] cloud-init[921]: ci-info: |   1   |   10.0.2.0  | 0.0.0.0  | 255.255.255.0 |   enp0s3  |   U   |
         [   30.422269] Starting LXD - unix socket.cloud-init
[921]: ci-info: +-------+-------------+----------+---------------+-----------+-------+
[   30.496760] cloud-init[921]: Generating public/private rsa key pair.
[   30.548368] cloud-init[921]: Your identification has been saved in /etc/ssh/ssh_host_rsa_key.
[   30.548666] cloud-init[921]: Your public key has been saved in /etc/ssh/ssh_host_rsa_key.pub.
[[0;32m  OK  [0m] Started Timer to automatically refresh installed snaps.
[[   30.548815] cloud-init[921]: The key fingerprint is:
[   30.762510] cloud-init[921]: SHA256:BxCBXVpZX+Ko8O1aDcLF9wn1c6vvPP4qfhvwtDN5N3w root@ubuntu-xenial
[0;32m  OK  [0m] Listening on ACPID Listen Socket.
[[   30.762633] cloud-init[921]: The key's randomart image is:
[   30.933372] cloud-init[921]: +---[RSA 2048]----+
[0;32m  OK  [0m] Started Daily Cleanup of Temporary Directories.
[[   30.933472] cloud-init[921]: |     o++oo. . o  |
[   31.033316] cloud-init[921]: |    . .+.. + + . |
[0;32m  OK  [0m] Reached target Timers.
[[   31.033441] cloud-init[921]: |      o . + =  .o|
[   31.148792] cloud-init[921]: |       + = . o .+|
[0;32m  OK  [0m] Listening on D-Bus System Message Bus Socket.
[[   31.148909] cloud-init[921]: |        S + . +. |
[   31.261659] cloud-init[921]: |         + o +oo |
[0;32m  OK  [0m] Reached target Cloud-config availability.
[   31.261765] [cloud-init[0;32m  OK  [0m[921]: ] |          o ..BoE|Reached target Network is Online.

[   31.440551] cloud-init[921]: |         o  . +*+|
[   31.440839] cloud-init[921]: |        .  ..o=B+|
         Starting iSCSI initiator daemon (iscsid)...
[   31.441256] cloud-init[921]: +----[SHA256]-----+
[   31.620406] cloud-init[921]: Generating public/private dsa key pair.
[   31.620693] cloud-init[921]: Your identification has been saved in /etc/ssh/ssh_host_dsa_key.
[[0;32m  OK  [0m] Listening on Socket activation for snappy daemon.
[[   31.620853] cloud-init[921]: Your public key has been saved in /etc/ssh/ssh_host_dsa_key.pub.
[   31.797684] cloud-init[921]: The key fingerprint is:
[0;32m  OK  [0m] Listening on LXD - unix socket.
[   31.797798] cloud-init[921]: SHA256:LKCtWpluJqWVYNmUCIzALhONP9eqcT2LIncMezVeuog root@ubuntu-xenial
[   32.032551] [cloud-init[0;32m  OK  [0m[921]: ] The key's randomart image is:Started iSCSI initiator daemon (iscsid).

[   32.032977] cloud-init[921]: +---[DSA 1024]----+
[   32.168664] cloud-init[921]: |Oo. .            |
[   32.168945] cloud-init[921]: |++.o             |
         Starting Login to default iSCSI targets...
[[   32.169127] cloud-init[921]: |.o+ ..           |
[   32.229158] cloud-init[921]: |++o+....         |
[0;32m  OK  [0m] Reached target Sockets.
[   32.229280] cloud-init[921]: |oo.+.o. S        |
[   32.328962] cloud-init[921]: |  *+o =..        |
[[0;32m  OK  [0m] Reached target Basic System.
[   32.329078] cloud-init[921]: | +=B + *         |
[   32.418286] cloud-init[921]: |++B.=.+          |
[   32.424922] cloud-init[921]: |.*E+. ..         |
[   32.425359] cloud-init[921]: +----[SHA256]-----+
[[0;32m  OK  [0m] Started Regular background program processing daemon.
[   32.425541] cloud-init[921]: Generating public/private ecdsa key pair.
[   32.524313]          cloud-initStarting LXD - container startup/shutdown...[921]: 
Your identification has been saved in /etc/ssh/ssh_host_ecdsa_key.
[   32.612790] [cloud-init[0;32m  OK  [0m] [921]: Started FUSE filesystem for LXC.
Your public key has been saved in /etc/ssh/ssh_host_ecdsa_key.pub.
[   32.696703] [cloud-init[0;32m  OK  [0m[921]: ] The key fingerprint is:Started Deferred execution scheduler.

[   32.697494] cloud-init[921]: SHA256:Mew1L53H5w2yHnK29ps7l9W1aPXarSWeD0u8mWyl2B0 root@ubuntu-xenial
         Starting Login Service...
[   32.787286] cloud-init[921]: The key's randomart image is:
[   32.824560] cloud-init[921]: +---[ECDSA 256]---+
[   32.824906] cloud-init[921]: |                 |
         Starting LSB: Record successful boot for GRUB...
[   32.825133] cloud-init[921]: |       .         |
[   32.980504] cloud-init[921]: |        + o      |
[   32.980762] cloud-init[921]: |       . + + o ..|
         Starting Pollinate to seed the pseudo random number generator...
[   32.980939] cloud-init[921]: |        S . = * *|
[   33.182293]          cloud-initStarting System Logging Service...[921]: 
|           . B E*|
[   33.264570] [cloud-init[0;32m  OK  [0m[921]: ] |          . *o=*O|Started Snappy daemon.

[   33.265066] cloud-init[921]: |           =o**%=|
[   33.372330] cloud-init[921]: |           .oo#B.|
[   33.372618] cloud-init[921]: +----[SHA256]-----+
         Starting /etc/rc.local Compatibility...
[   33.372782] cloud-init[921]: Generating public/private ed25519 key pair.
[   33.532323] cloud-init[921]: Your identification has been saved in /etc/ssh/ssh_host_ed25519_key.
[   33.532591] cloud-init[921]: Your public key has been saved in /etc/ssh/ssh_host_ed25519_key.pub.
[[0;32m  OK  [0m] Started D-Bus System Message Bus.
[   33.532778] cloud-init[921]: The key fingerprint is:
[   33.716781]          cloud-initStarting LSB: MD monitoring daemon...[921]: 
SHA256:5qHOTsJo/hBIa5zv9Pfk3ZSylcXgCUpPj64KNFJqSMc root@ubuntu-xenial
         Starting Apply the settings specified in cloud-config...
[   33.790576] cloud-init[921]: The key's randomart image is:
[[0;32m  OK  [0m] Started ACPI event daemon.
[   33.876336] cloud-init[921]: +--[ED25519 256]--+
[   33.952608] cloud-init[921]: |                 |
[   33.952719] cloud-init[921]: |  .              |
[   33.952874] cloud-init[921]: | o E .   . o .   |
[   33.952958] cloud-init[921]: |+.= o   . + = +  |
[   33.953038] cloud-init[921]: |.*.+ o  S. o + o |
         Starting Accounts Service...
[   33.953128] cloud-init[921]: |. o+o .+ ..   +  |
[   34.176283] cloud-init[921]: |  +oo.o .. o =   |
[   34.196374] cloud-init[921]: | oo..=..o o *    |
[   34.196457] cloud-init[921]: |  .o.o=.o+ o .   |
[   34.196656] cloud-init[921]: +----[SHA256]-----+
         Starting Auto import assertions from block devices...
[[0;32m  OK  [0m] Started System Logging Service.
[[0;32m  OK  [0m] Started LXD - container startup/shutdown.
[[0;32m  OK  [0m] Started Pollinate to seed the pseudo random number generator.
[[0;32m  OK  [0m] Started /etc/rc.local Compatibility.
[[0;32m  OK  [0m] Started Auto import assertions from block devices.
[   34.300743] cloud-init[1110]: Generating locales (this might take a while)...
[[0;32m  OK  [0m] Started Login to default iSCSI targets.
[[0;32m  OK  [0m] Started LSB: Record successful boot for GRUB.
[[0;32m  OK  [0m] Started LSB: MD monitoring daemon.
[[0;32m  OK  [0m] Started Login Service.
         Starting Authenticate and Authorize Users to Run Privileged Tasks...
[[0;32m  OK  [0m] Reached target Remote File Systems (Pre).
[[0;32m  OK  [0m] Reached target Remote File Systems.
         Starting Permit User Sessions...
         Starting LSB: Set the CPU Frequency Scaling governor to "ondemand"...
         Starting LSB: automatic crash report generation...
         Starting LSB: daemon to balance interrupts for SMP systems...
         Starting LSB: VirtualBox Linux Additions...
         Starting OpenBSD Secure Shell server...
[[0;32m  OK  [0m] Started OpenBSD Secure Shell server.
[[0;32m  OK  [0m] Started Permit User Sessions.
[[0;32m  OK  [0m] Started Authenticate and Authorize Users to Run Privileged Tasks.
[[0;32m  OK  [0m] Started Accounts Service.
[[0;32m  OK  [0m] Started LSB: Set the CPU Frequency Scaling governor to "ondemand".
[   35.360654] cloud-init[1110]:   en_US.UTF-8... done
[   35.380525] [cloud-init[0;32m  OK  [0m[1110]: ] Generation complete.Started LSB: daemon to balance interrupts for SMP systems.

[[0;32m  OK  [0m] Started LSB: automatic crash report generation.
[[0;32m  OK  [0m] Started LSB: VirtualBox Linux Additions.
         Starting Hold until boot process finishes up...
         Starting Terminate Plymouth Boot Screen...
[[0;32m  OK  [0m] Started Hold until boot process finishes up.
[[0;32m  OK  [0m] Started Terminate Plymouth Boot Screen.
         Stopping OpenBSD Secure Shell server...
[[0;32m  OK  [0m] Started Serial Getty on ttyS0.
         Starting Set console scheme...
[[0;32m  OK  [0m] Started Getty on tty1.
[[0;32m  OK  [0m] Reached target Login Prompts.
[[0;32m  OK  [0m] Stopped OpenBSD Secure Shell server.
[[0;32m  OK  [0m] Started Set console scheme.
         Starting OpenBSD Secure Shell server...
[[0;32m  OK  [0m] Started OpenBSD Secure Shell server.
[[0;32m  OK  [0m] Reached target Multi-User System.
[[0;32m  OK  [0m] Reached target Graphical Interface.
         Starting Update UTMP about System Runlevel Changes...
[[0;32m  OK  [0m] Started Update UTMP about System Runlevel Changes.
[   36.497849] cloud-init[1110]: Cloud-init v. 0.7.9 running 'modules:config' at Mon, 08 May 2017 18:35:41 +0000. Up 34.15 seconds.
[[0;32m  OK  [0m] Started Apply the settings specified in cloud-config.
         Starting Execute cloud user/final scripts...
ci-info: no authorized ssh keys fingerprints found for user ubuntu.
<14>May  8 18:35:44 ec2: 
<14>May  8 18:35:44 ec2: #############################################################
<14>May  8 18:35:44 ec2: -----BEGIN SSH HOST KEY FINGERPRINTS-----
<14>May  8 18:35:44 ec2: 1024 SHA256:LKCtWpluJqWVYNmUCIzALhONP9eqcT2LIncMezVeuog root@ubuntu-xenial (DSA)
<14>May  8 18:35:44 ec2: 256 SHA256:Mew1L53H5w2yHnK29ps7l9W1aPXarSWeD0u8mWyl2B0 root@ubuntu-xenial (ECDSA)
<14>May  8 18:35:44 ec2: 256 SHA256:5qHOTsJo/hBIa5zv9Pfk3ZSylcXgCUpPj64KNFJqSMc root@ubuntu-xenial (ED25519)
<14>May  8 18:35:44 ec2: 2048 SHA256:BxCBXVpZX+Ko8O1aDcLF9wn1c6vvPP4qfhvwtDN5N3w root@ubuntu-xenial (RSA)
<14>May  8 18:35:44 ec2: -----END SSH HOST KEY FINGERPRINTS-----
<14>May  8 18:35:44 ec2: #############################################################
-----BEGIN SSH HOST KEY KEYS-----
ecdsa-sha2-nistp256 AAAAE2VjZHNhLXNoYTItbmlzdHAyNTYAAAAIbmlzdHAyNTYAAABBBJ70210qyJlxs7K4xyqxeknlr+hmSjWTWuPjyDoN8rj3KHDRfyAGMk4SOdgHr4lC4BTSjagiOxxAj1577HYSS90= root@ubuntu-xenial
ssh-ed25519 AAAAC3NzaC1lZDI1NTE5AAAAIGRDbP1exUTTRlMOrQm8g6b0cp8XvYERpY7Pg4Re5ENg root@ubuntu-xenial
ssh-rsa AAAAB3NzaC1yc2EAAAADAQABAAABAQCyatydOzDYpoQ0C6UI4WrwFDiFJ8nXILU7gJf7LahNhV0JNB4/POFg8rKcmwaTvLxIzJW4+ULM03BcadWaMRhEgo4G4juSD5yOBTojPqRwMqEAfCYRltTpL5h4GkGQYAi2TH7EE/AoWjifh301aW/XVOz8Sx4mh9QvthRVONCsAR+My2rPBBHlfngc+Z8vyHFcM6j6AtVwHdGh14DxargcDc0moA46U1uVm0sBqMjtjNx4VgZSt6UPYgMNYnymlBJ7TzknbuamrhSCJxp/+etz+uvUMDqvkhO6l4GAAOJag/qPo4DBWR6iXssdIVGrHrQR3tQrKclckun0IM1+lnwR root@ubuntu-xenial
-----END SSH HOST KEY KEYS-----
[   38.002647] cloud-init[1298]: Cloud-init v. 0.7.9 running 'modules:final' at Mon, 08 May 2017 18:35:44 +0000. Up 36.99 seconds.
[   38.113344] cloud-init[1298]: ci-info: no authorized ssh keys fingerprints found for user ubuntu.
[   38.113586] cloud-init[1298]: Cloud-init v. 0.7.9 finished at Mon, 08 May 2017 18:35:45 +0000. Datasource DataSourceNoCloud [seed=/dev/sdb][dsmode=net].  Up 37.99 seconds
[[0;32m  OK  [0m] Started Execute cloud user/final scripts.
[[0;32m  OK  [0m] Reached target Cloud-init target.

Ubuntu 16.04.2 LTS ubuntu-xenial ttyS0

ubuntu-xenial login: 